client:1035 
 WebSocket connection to 'ws://localhost:3000/' failed: 
onboardingApi.ts:237 
 
 POST http://localhost:5000/api/onboarding/select-plan 403 (Forbidden)
PaymentStep.tsx:204 
 Failed to complete onboarding: Error: Suspicious activity detected
    at submitPlanSelection (onboardingApi.ts:249:11)
    at async onClick (PaymentStep.tsx:187:15)
client:1035 
 WebSocket connection to 'ws://localhost:3000/' failed: 
﻿

useOnboardingProgress.ts:69 
 
 GET http://localhost:5000/api/onboarding/progress/b47acc50-2f99-4307-a228-1b36f765f615 401 (Unauthorized)
useOnboardingProgress.ts:69 
 
 GET http://localhost:5000/api/onboarding/progress/b47acc50-2f99-4307-a228-1b36f765f615 401 (Unauthorized)
useOnboardingProgress.ts:93 
 ❌ Failed to get progress: 
{success: false, message: 'Invalid authentication token. Please log in again.', code: 'AUTH_ERROR', requiresLogin: true}
useOnboardingProgress.ts:100 
 ❌ Error getting progress from server, trying localStorage backup...
useOnboardingProgress.ts:93 
 ❌ Failed to get progress: 
{success: false, message: 'Invalid authentication token. Please log in again.', code: 'AUTH_ERROR', requiresLogin: true}
useOnboardingProgress.ts:100 
 ❌ Error getting progress from server, trying localStorage backup...
workbox-6fc00345.js:44 workbox Expired 2 entries and removed them from the 'api-cache' cache.onboardingApi.ts:237 
 
 POST http://localhost:5000/api/onboarding/select-plan 403 (Forbidden)
PaymentStep.tsx:204 
 Failed to complete onboarding: Error: Suspicious activity detected
    at submitPlanSelection (onboardingApi.ts:249:11)
    at async onClick 

    {"level":"INFO","time":"2025-12-03T14:40:56.195Z","env":"development","hostname":"unknown","type":"response","method":"OPTIONS","url":"/api/onboarding/select-plan","statusCode":204,"duration":"8ms","timestamp":"2025-12-03T14:40:56.195Z"}
{"level":"INFO","time":"2025-12-03T14:40:56.201Z","env":"development","hostname":"unknown","type":"request","method":"POST","url":"/api/onboarding/select-plan","ip":"127.0.0.1","userAgent":"Mozilla/5.0 (Windows NT 10.0; Win64; x64) AppleWebKit/537.36 (KHTML, like Gecko) Chrome/142.0.0.0 Safari/537.36 Edg/142.0.0.0","timestamp":"2025-12-03T14:40:56.201Z"}
{"level":"INFO","time":"2025-12-03T14:40:56.204Z","env":"development","hostname":"unknown","type":"security","priority":"critical","title":"Security Alert: SQL Injection Attempt","msg":"SuperAdmin notification"}
{"level":"WARN","time":"2025-12-03T14:40:56.205Z","env":"development","hostname":"unknown","type":"suspicious_activity","ip":"127.0.0.1","userAgent":"Mozilla/5.0 (Windows NT 10.0; Win64; x64) AppleWebKit/537.36 (KHTML, like Gecko) Chrome/142.0.0.0 Safari/537.36 Edg/142.0.0.0","details":{"reason":"SQL injection attempt detected","url":"/api/onboarding/select-plan"},"timestamp":"2025-12-03T14:40:56.204Z","severity":"high"}
{"level":"INFO","time":"2025-12-03T14:40:56.207Z","env":"development","hostname":"unknown","type":"response","method":"POST","url":"/api/onboarding/select-plan","statusCode":403,"duration":"6ms","timestamp":"2025-12-03T14:40:56.207Z"}
{"level":30,"time":1764772856200,"pid":10896,"hostname":"CALEB","reqId":"req-i","req":{"method":"POST","url":"/api/onboarding/select-plan","host":"localhost:5000","remoteAddress":"127.0.0.1","remotePort":54581},"msg":"incoming request"}
{"level":30,"time":1764772856208,"pid":10896,"hostname":"CALEB","reqId":"req-i","res":{"statusCode":403},"responseTime":6.891700003296137,"msg":"request completed"}
{"level":"INFO","time":"2025-12-03T14:41:01.895Z","env":"development","hostname":"unknown","to":"admin@teemplot.com","messageId":"<c913e4b4-3e7f-2a4b-63b9-d4cef0c918d1@gmail.com>","msg":"Email sent: <c913e4b4-3e7f-2a4b-63b9-d4cef0c918d1@gmail.com>"}
{"level":"INFO","time":"2025-12-03T14:41:01.895Z","env":"development","hostname":"unknown","msg":"SuperAdmin email notification sent: Security Alert: SQL Injection Attempt"}
